running develop
running egg_info
creating turtle_controller.egg-info
writing turtle_controller.egg-info/PKG-INFO
writing dependency_links to turtle_controller.egg-info/dependency_links.txt
writing entry points to turtle_controller.egg-info/entry_points.txt
writing requirements to turtle_controller.egg-info/requires.txt
writing top-level names to turtle_controller.egg-info/top_level.txt
writing manifest file 'turtle_controller.egg-info/SOURCES.txt'
reading manifest file 'turtle_controller.egg-info/SOURCES.txt'
writing manifest file 'turtle_controller.egg-info/SOURCES.txt'
running build_ext
Creating /home/skilledmazen/turtle_ws/install/turtle_controller/lib/python3.12/site-packages/turtle-controller.egg-link (link to .)
Installing turtle_moves script to /home/skilledmazen/turtle_ws/install/turtle_controller/lib/turtle_controller
Installing turtle_sees script to /home/skilledmazen/turtle_ws/install/turtle_controller/lib/turtle_controller

Installed /home/skilledmazen/turtle_ws/build/turtle_controller
running symlink_data
creating /home/skilledmazen/turtle_ws/install/turtle_controller/share/ament_index
creating /home/skilledmazen/turtle_ws/install/turtle_controller/share/ament_index/resource_index
creating /home/skilledmazen/turtle_ws/install/turtle_controller/share/ament_index/resource_index/packages
symbolically linking /home/skilledmazen/turtle_ws/build/turtle_controller/resource/turtle_controller -> /home/skilledmazen/turtle_ws/install/turtle_controller/share/ament_index/resource_index/packages
symbolically linking /home/skilledmazen/turtle_ws/build/turtle_controller/package.xml -> /home/skilledmazen/turtle_ws/install/turtle_controller/share/turtle_controller
