[1.325s] Invoking command in '/home/skilledmazen/turtle_ws/build/turtle_controller': DEBUGINFOD_URLS=https://debuginfod.ubuntu.com PYTHONPATH=/home/skilledmazen/turtle_ws/build/turtle_controller/prefix_override:/usr/lib/python3/dist-packages/colcon_core/task/python/colcon_distutils_commands:/home/skilledmazen/turtle_ws/install/turtle_controller/lib/python3.12/site-packages:${PYTHONPATH} /usr/bin/python3 -W ignore:setup.py install is deprecated -W ignore:easy_install command is deprecated setup.py develop --editable --build-directory /home/skilledmazen/turtle_ws/build/turtle_controller/build --no-deps symlink_data
[1.683s] running develop
[1.890s] running egg_info
[1.891s] creating turtle_controller.egg-info
[1.912s] writing turtle_controller.egg-info/PKG-INFO
[1.912s] writing dependency_links to turtle_controller.egg-info/dependency_links.txt
[1.912s] writing entry points to turtle_controller.egg-info/entry_points.txt
[1.912s] writing requirements to turtle_controller.egg-info/requires.txt
[1.912s] writing top-level names to turtle_controller.egg-info/top_level.txt
[1.913s] writing manifest file 'turtle_controller.egg-info/SOURCES.txt'
[1.957s] reading manifest file 'turtle_controller.egg-info/SOURCES.txt'
[1.957s] writing manifest file 'turtle_controller.egg-info/SOURCES.txt'
[1.981s] running build_ext
[1.981s] Creating /home/skilledmazen/turtle_ws/install/turtle_controller/lib/python3.12/site-packages/turtle-controller.egg-link (link to .)
[1.981s] Installing turtle_moves script to /home/skilledmazen/turtle_ws/install/turtle_controller/lib/turtle_controller
[1.981s] Installing turtle_sees script to /home/skilledmazen/turtle_ws/install/turtle_controller/lib/turtle_controller
[1.982s] 
[1.982s] Installed /home/skilledmazen/turtle_ws/build/turtle_controller
[1.982s] running symlink_data
[1.982s] creating /home/skilledmazen/turtle_ws/install/turtle_controller/share/ament_index
[1.982s] creating /home/skilledmazen/turtle_ws/install/turtle_controller/share/ament_index/resource_index
[1.982s] creating /home/skilledmazen/turtle_ws/install/turtle_controller/share/ament_index/resource_index/packages
[1.982s] symbolically linking /home/skilledmazen/turtle_ws/build/turtle_controller/resource/turtle_controller -> /home/skilledmazen/turtle_ws/install/turtle_controller/share/ament_index/resource_index/packages
[1.982s] symbolically linking /home/skilledmazen/turtle_ws/build/turtle_controller/package.xml -> /home/skilledmazen/turtle_ws/install/turtle_controller/share/turtle_controller
[2.021s] Invoked command in '/home/skilledmazen/turtle_ws/build/turtle_controller' returned '0': DEBUGINFOD_URLS=https://debuginfod.ubuntu.com PYTHONPATH=/home/skilledmazen/turtle_ws/build/turtle_controller/prefix_override:/usr/lib/python3/dist-packages/colcon_core/task/python/colcon_distutils_commands:/home/skilledmazen/turtle_ws/install/turtle_controller/lib/python3.12/site-packages:${PYTHONPATH} /usr/bin/python3 -W ignore:setup.py install is deprecated -W ignore:easy_install command is deprecated setup.py develop --editable --build-directory /home/skilledmazen/turtle_ws/build/turtle_controller/build --no-deps symlink_data
