[0.090s] DEBUG:colcon:Command line arguments: ['/usr/bin/colcon', 'build', '--symlink-install']
[0.090s] DEBUG:colcon:Parsed command line arguments: Namespace(log_base=None, log_level=None, verb_name='build', build_base='build', install_base='install', merge_install=False, symlink_install=True, test_result_base=None, continue_on_error=False, executor='parallel', parallel_workers=12, event_handlers=None, ignore_user_meta=False, metas=['./colcon.meta'], base_paths=['.'], packages_ignore=None, packages_ignore_regex=None, paths=None, packages_up_to=None, packages_up_to_regex=None, packages_above=None, packages_above_and_dependencies=None, packages_above_depth=None, packages_select_by_dep=None, packages_skip_by_dep=None, packages_skip_up_to=None, packages_select_build_failed=False, packages_skip_build_finished=False, packages_select_test_failures=False, packages_skip_test_passed=False, packages_select=None, packages_skip=None, packages_select_regex=None, packages_skip_regex=None, packages_start=None, packages_end=None, cmake_args=None, cmake_target=None, cmake_target_skip_unavailable=False, cmake_clean_cache=False, cmake_clean_first=False, cmake_force_configure=False, ament_cmake_args=None, catkin_cmake_args=None, catkin_skip_building_tests=False, verb_parser=<colcon_defaults.argument_parser.defaults.DefaultArgumentsDecorator object at 0x70d5f8114770>, verb_extension=<colcon_core.verb.build.BuildVerb object at 0x70d5f82efaa0>, main=<bound method BuildVerb.main of <colcon_core.verb.build.BuildVerb object at 0x70d5f82efaa0>>)
[0.131s] Level 1:colcon.colcon_core.package_discovery:discover_packages(colcon_meta) check parameters
[0.131s] Level 1:colcon.colcon_core.package_discovery:discover_packages(recursive) check parameters
[0.131s] Level 1:colcon.colcon_core.package_discovery:discover_packages(ignore) check parameters
[0.131s] Level 1:colcon.colcon_core.package_discovery:discover_packages(path) check parameters
[0.131s] Level 1:colcon.colcon_core.package_discovery:discover_packages(colcon_meta) discover
[0.131s] Level 1:colcon.colcon_core.package_discovery:discover_packages(recursive) discover
[0.131s] INFO:colcon.colcon_core.package_discovery:Crawling recursively for packages in '/home/skilledmazen/turtle_ws'
[0.132s] Level 1:colcon.colcon_core.package_identification:_identify(.) by extensions ['ignore', 'ignore_ament_install']
[0.132s] Level 1:colcon.colcon_core.package_identification:_identify(.) by extension 'ignore'
[0.132s] Level 1:colcon.colcon_core.package_identification:_identify(.) by extension 'ignore_ament_install'
[0.132s] Level 1:colcon.colcon_core.package_identification:_identify(.) by extensions ['colcon_pkg']
[0.132s] Level 1:colcon.colcon_core.package_identification:_identify(.) by extension 'colcon_pkg'
[0.132s] Level 1:colcon.colcon_core.package_identification:_identify(.) by extensions ['colcon_meta']
[0.132s] Level 1:colcon.colcon_core.package_identification:_identify(.) by extension 'colcon_meta'
[0.132s] Level 1:colcon.colcon_core.package_identification:_identify(.) by extensions ['ros']
[0.132s] Level 1:colcon.colcon_core.package_identification:_identify(.) by extension 'ros'
[0.150s] Level 1:colcon.colcon_core.package_identification:_identify(.) by extensions ['cmake', 'python']
[0.150s] Level 1:colcon.colcon_core.package_identification:_identify(.) by extension 'cmake'
[0.150s] Level 1:colcon.colcon_core.package_identification:_identify(.) by extension 'python'
[0.150s] Level 1:colcon.colcon_core.package_identification:_identify(.) by extensions ['python_setup_py']
[0.150s] Level 1:colcon.colcon_core.package_identification:_identify(.) by extension 'python_setup_py'
[0.151s] Level 1:colcon.colcon_core.package_identification:_identify(build) by extensions ['ignore', 'ignore_ament_install']
[0.151s] Level 1:colcon.colcon_core.package_identification:_identify(build) by extension 'ignore'
[0.151s] Level 1:colcon.colcon_core.package_identification:_identify(build) ignored
[0.151s] Level 1:colcon.colcon_core.package_identification:_identify(install) by extensions ['ignore', 'ignore_ament_install']
[0.151s] Level 1:colcon.colcon_core.package_identification:_identify(install) by extension 'ignore'
[0.151s] Level 1:colcon.colcon_core.package_identification:_identify(install) ignored
[0.151s] Level 1:colcon.colcon_core.package_identification:_identify(log) by extensions ['ignore', 'ignore_ament_install']
[0.151s] Level 1:colcon.colcon_core.package_identification:_identify(log) by extension 'ignore'
[0.151s] Level 1:colcon.colcon_core.package_identification:_identify(log) ignored
[0.151s] Level 1:colcon.colcon_core.package_identification:_identify(src) by extensions ['ignore', 'ignore_ament_install']
[0.151s] Level 1:colcon.colcon_core.package_identification:_identify(src) by extension 'ignore'
[0.151s] Level 1:colcon.colcon_core.package_identification:_identify(src) by extension 'ignore_ament_install'
[0.151s] Level 1:colcon.colcon_core.package_identification:_identify(src) by extensions ['colcon_pkg']
[0.151s] Level 1:colcon.colcon_core.package_identification:_identify(src) by extension 'colcon_pkg'
[0.151s] Level 1:colcon.colcon_core.package_identification:_identify(src) by extensions ['colcon_meta']
[0.151s] Level 1:colcon.colcon_core.package_identification:_identify(src) by extension 'colcon_meta'
[0.151s] Level 1:colcon.colcon_core.package_identification:_identify(src) by extensions ['ros']
[0.151s] Level 1:colcon.colcon_core.package_identification:_identify(src) by extension 'ros'
[0.151s] Level 1:colcon.colcon_core.package_identification:_identify(src) by extensions ['cmake', 'python']
[0.151s] Level 1:colcon.colcon_core.package_identification:_identify(src) by extension 'cmake'
[0.151s] Level 1:colcon.colcon_core.package_identification:_identify(src) by extension 'python'
[0.151s] Level 1:colcon.colcon_core.package_identification:_identify(src) by extensions ['python_setup_py']
[0.151s] Level 1:colcon.colcon_core.package_identification:_identify(src) by extension 'python_setup_py'
[0.152s] Level 1:colcon.colcon_core.package_identification:_identify(src/turtle_moves) by extensions ['ignore', 'ignore_ament_install']
[0.152s] Level 1:colcon.colcon_core.package_identification:_identify(src/turtle_moves) by extension 'ignore'
[0.152s] Level 1:colcon.colcon_core.package_identification:_identify(src/turtle_moves) by extension 'ignore_ament_install'
[0.152s] Level 1:colcon.colcon_core.package_identification:_identify(src/turtle_moves) by extensions ['colcon_pkg']
[0.152s] Level 1:colcon.colcon_core.package_identification:_identify(src/turtle_moves) by extension 'colcon_pkg'
[0.152s] Level 1:colcon.colcon_core.package_identification:_identify(src/turtle_moves) by extensions ['colcon_meta']
[0.152s] Level 1:colcon.colcon_core.package_identification:_identify(src/turtle_moves) by extension 'colcon_meta'
[0.152s] Level 1:colcon.colcon_core.package_identification:_identify(src/turtle_moves) by extensions ['ros']
[0.152s] Level 1:colcon.colcon_core.package_identification:_identify(src/turtle_moves) by extension 'ros'
[0.154s] DEBUG:colcon.colcon_core.package_identification:Package 'src/turtle_moves' with type 'ros.ament_python' and name 'turtle_moves'
[0.154s] Level 1:colcon.colcon_core.package_discovery:discover_packages(recursive) using defaults
[0.154s] Level 1:colcon.colcon_core.package_discovery:discover_packages(ignore) discover
[0.154s] Level 1:colcon.colcon_core.package_discovery:discover_packages(ignore) using defaults
[0.154s] Level 1:colcon.colcon_core.package_discovery:discover_packages(path) discover
[0.154s] Level 1:colcon.colcon_core.package_discovery:discover_packages(path) using defaults
[0.172s] Level 5:colcon.colcon_core.verb:set package 'turtle_moves' build argument 'cmake_args' from command line to 'None'
[0.172s] Level 5:colcon.colcon_core.verb:set package 'turtle_moves' build argument 'cmake_target' from command line to 'None'
[0.172s] Level 5:colcon.colcon_core.verb:set package 'turtle_moves' build argument 'cmake_target_skip_unavailable' from command line to 'False'
[0.172s] Level 5:colcon.colcon_core.verb:set package 'turtle_moves' build argument 'cmake_clean_cache' from command line to 'False'
[0.172s] Level 5:colcon.colcon_core.verb:set package 'turtle_moves' build argument 'cmake_clean_first' from command line to 'False'
[0.172s] Level 5:colcon.colcon_core.verb:set package 'turtle_moves' build argument 'cmake_force_configure' from command line to 'False'
[0.172s] Level 5:colcon.colcon_core.verb:set package 'turtle_moves' build argument 'ament_cmake_args' from command line to 'None'
[0.172s] Level 5:colcon.colcon_core.verb:set package 'turtle_moves' build argument 'catkin_cmake_args' from command line to 'None'
[0.172s] Level 5:colcon.colcon_core.verb:set package 'turtle_moves' build argument 'catkin_skip_building_tests' from command line to 'False'
[0.172s] DEBUG:colcon.colcon_core.verb:Building package 'turtle_moves' with the following arguments: {'ament_cmake_args': None, 'build_base': '/home/skilledmazen/turtle_ws/build/turtle_moves', 'catkin_cmake_args': None, 'catkin_skip_building_tests': False, 'cmake_args': None, 'cmake_clean_cache': False, 'cmake_clean_first': False, 'cmake_force_configure': False, 'cmake_target': None, 'cmake_target_skip_unavailable': False, 'install_base': '/home/skilledmazen/turtle_ws/install/turtle_moves', 'merge_install': False, 'path': '/home/skilledmazen/turtle_ws/src/turtle_moves', 'symlink_install': True, 'test_result_base': None}
[0.172s] INFO:colcon.colcon_core.executor:Executing jobs using 'parallel' executor
[0.173s] DEBUG:colcon.colcon_parallel_executor.executor.parallel:run_until_complete
[0.173s] INFO:colcon.colcon_ros.task.ament_python.build:Building ROS package in '/home/skilledmazen/turtle_ws/src/turtle_moves' with build type 'ament_python'
[0.173s] Level 1:colcon.colcon_core.shell:create_environment_hook('turtle_moves', 'ament_prefix_path')
[0.176s] INFO:colcon.colcon_core.plugin_system:Skipping extension 'colcon_core.shell.bat': Not used on non-Windows systems
[0.176s] INFO:colcon.colcon_core.shell:Creating environment descriptor '/home/skilledmazen/turtle_ws/install/turtle_moves/share/turtle_moves/hook/ament_prefix_path.dsv'
[0.177s] INFO:colcon.colcon_core.shell:Creating environment hook '/home/skilledmazen/turtle_ws/install/turtle_moves/share/turtle_moves/hook/ament_prefix_path.sh'
[0.177s] DEBUG:colcon.colcon_core.shell:Skip shell extension 'dsv' for command environment
[0.373s] INFO:colcon.colcon_core.task.python.build:Building Python package in '/home/skilledmazen/turtle_ws/src/turtle_moves'
[0.373s] DEBUG:colcon.colcon_core.shell:Skip shell extension 'dsv' for command environment
[0.942s] DEBUG:colcon.colcon_core.task.python.build:Available setuptools commands: compile_catalog, extract_messages, install_data, symlink_data, saveopts, sdist, bdist_dumb, develop, build_scripts, install_egg_info, clean, editable_wheel, dist_info, install, test, build_ext, install_lib, build_py, init_catalog, rotate, alias, easy_install, upload_docs, upload, build, update_catalog, build_clib, bdist_wheel, bdist, install_headers, register, install_scripts, bdist_egg, setopt, check, egg_info, bdist_rpm
[1.214s] DEBUG:colcon.colcon_core.task.python.build:Available setuptools 'develop' options: --uninstall, --verbose, --site-dirs, --force-installation-into-system-dir, --always-copy, --quiet, --zip-ok, --find-links, --egg-path, --build-directory, --optimize, --allow-hosts, --multi-version, --exclude-scripts, --version, --install-layout, --prefix, --local-snapshots-ok, --always-unzip, --upgrade, --no-find-links, --no-deps, --script-dir, --user, --install-dir, --dry-run, --editable, --no-user-cfg, --index-url, --help, --record
[1.214s] DEBUG:colcon.colcon_core.event_handler.log_command:Invoking command in '/home/skilledmazen/turtle_ws/build/turtle_moves': DEBUGINFOD_URLS=https://debuginfod.ubuntu.com PYTHONPATH=/home/skilledmazen/turtle_ws/build/turtle_moves/prefix_override:/usr/lib/python3/dist-packages/colcon_core/task/python/colcon_distutils_commands:/home/skilledmazen/turtle_ws/install/turtle_moves/lib/python3.12/site-packages:${PYTHONPATH} /usr/bin/python3 -W ignore:setup.py install is deprecated -W ignore:easy_install command is deprecated setup.py develop --editable --build-directory /home/skilledmazen/turtle_ws/build/turtle_moves/build --no-deps symlink_data
[1.811s] Level 1:colcon.colcon_core.shell:create_environment_hook('turtle_moves', 'pythonpath_develop')
[1.811s] DEBUG:colcon.colcon_core.event_handler.log_command:Invoked command in '/home/skilledmazen/turtle_ws/build/turtle_moves' returned '0': DEBUGINFOD_URLS=https://debuginfod.ubuntu.com PYTHONPATH=/home/skilledmazen/turtle_ws/build/turtle_moves/prefix_override:/usr/lib/python3/dist-packages/colcon_core/task/python/colcon_distutils_commands:/home/skilledmazen/turtle_ws/install/turtle_moves/lib/python3.12/site-packages:${PYTHONPATH} /usr/bin/python3 -W ignore:setup.py install is deprecated -W ignore:easy_install command is deprecated setup.py develop --editable --build-directory /home/skilledmazen/turtle_ws/build/turtle_moves/build --no-deps symlink_data
[1.812s] INFO:colcon.colcon_core.shell:Creating environment descriptor '/home/skilledmazen/turtle_ws/build/turtle_moves/share/turtle_moves/hook/pythonpath_develop.dsv'
[1.812s] INFO:colcon.colcon_core.shell:Creating environment hook '/home/skilledmazen/turtle_ws/build/turtle_moves/share/turtle_moves/hook/pythonpath_develop.sh'
[1.816s] Level 1:colcon.colcon_core.environment:checking '/home/skilledmazen/turtle_ws/install/turtle_moves' for CMake module files
[1.817s] Level 1:colcon.colcon_core.environment:checking '/home/skilledmazen/turtle_ws/install/turtle_moves' for CMake config files
[1.818s] Level 1:colcon.colcon_core.environment:checking '/home/skilledmazen/turtle_ws/install/turtle_moves/lib'
[1.818s] Level 1:colcon.colcon_core.environment:checking '/home/skilledmazen/turtle_ws/install/turtle_moves/bin'
[1.818s] Level 1:colcon.colcon_core.environment:checking '/home/skilledmazen/turtle_ws/install/turtle_moves/lib/pkgconfig/turtle_moves.pc'
[1.818s] Level 1:colcon.colcon_core.environment:checking '/home/skilledmazen/turtle_ws/install/turtle_moves/lib/python3.12/site-packages'
[1.819s] Level 1:colcon.colcon_core.shell:create_environment_hook('turtle_moves', 'pythonpath')
[1.819s] INFO:colcon.colcon_core.shell:Creating environment descriptor '/home/skilledmazen/turtle_ws/install/turtle_moves/share/turtle_moves/hook/pythonpath.dsv'
[1.819s] INFO:colcon.colcon_core.shell:Creating environment hook '/home/skilledmazen/turtle_ws/install/turtle_moves/share/turtle_moves/hook/pythonpath.sh'
[1.820s] Level 1:colcon.colcon_core.environment:checking '/home/skilledmazen/turtle_ws/install/turtle_moves/bin'
[1.820s] Level 1:colcon.colcon_core.environment:create_environment_scripts_only(turtle_moves)
[1.821s] INFO:colcon.colcon_core.shell:Creating package descriptor '/home/skilledmazen/turtle_ws/install/turtle_moves/share/turtle_moves/package.dsv'
[1.822s] INFO:colcon.colcon_core.shell:Creating package script '/home/skilledmazen/turtle_ws/install/turtle_moves/share/turtle_moves/package.sh'
[1.823s] INFO:colcon.colcon_core.shell:Creating package script '/home/skilledmazen/turtle_ws/install/turtle_moves/share/turtle_moves/package.bash'
[1.823s] INFO:colcon.colcon_core.shell:Creating package script '/home/skilledmazen/turtle_ws/install/turtle_moves/share/turtle_moves/package.zsh'
[1.824s] Level 1:colcon.colcon_core.environment:create_file_with_runtime_dependencies(/home/skilledmazen/turtle_ws/install/turtle_moves/share/colcon-core/packages/turtle_moves)
[1.824s] DEBUG:colcon.colcon_parallel_executor.executor.parallel:closing loop
[1.824s] DEBUG:colcon.colcon_parallel_executor.executor.parallel:loop closed
[1.824s] DEBUG:colcon.colcon_parallel_executor.executor.parallel:run_until_complete finished with '0'
[1.824s] DEBUG:colcon.colcon_core.event_reactor:joining thread
[1.831s] INFO:colcon.colcon_core.plugin_system:Skipping extension 'colcon_notification.desktop_notification.terminal_notifier': Not used on non-Darwin systems
[1.831s] INFO:colcon.colcon_core.plugin_system:Skipping extension 'colcon_notification.desktop_notification.win32': Not used on non-Windows systems
[1.831s] INFO:colcon.colcon_notification.desktop_notification:Sending desktop notification using 'notify2'
[1.845s] DEBUG:colcon.colcon_core.event_reactor:joined thread
[1.845s] INFO:colcon.colcon_core.shell:Creating prefix script '/home/skilledmazen/turtle_ws/install/local_setup.sh'
[1.846s] INFO:colcon.colcon_core.shell:Creating prefix util module '/home/skilledmazen/turtle_ws/install/_local_setup_util_sh.py'
[1.847s] INFO:colcon.colcon_core.shell:Creating prefix chain script '/home/skilledmazen/turtle_ws/install/setup.sh'
[1.848s] INFO:colcon.colcon_core.shell:Creating prefix script '/home/skilledmazen/turtle_ws/install/local_setup.bash'
[1.850s] INFO:colcon.colcon_core.shell:Creating prefix chain script '/home/skilledmazen/turtle_ws/install/setup.bash'
[1.851s] INFO:colcon.colcon_core.shell:Creating prefix script '/home/skilledmazen/turtle_ws/install/local_setup.zsh'
[1.852s] INFO:colcon.colcon_core.shell:Creating prefix chain script '/home/skilledmazen/turtle_ws/install/setup.zsh'
