[0.111s] DEBUG:colcon:Command line arguments: ['/usr/bin/colcon', 'build', '--symlink-install']
[0.111s] DEBUG:colcon:Parsed command line arguments: Namespace(log_base=None, log_level=None, verb_name='build', build_base='build', install_base='install', merge_install=False, symlink_install=True, test_result_base=None, continue_on_error=False, executor='parallel', parallel_workers=12, event_handlers=None, ignore_user_meta=False, metas=['./colcon.meta'], base_paths=['.'], packages_ignore=None, packages_ignore_regex=None, paths=None, packages_up_to=None, packages_up_to_regex=None, packages_above=None, packages_above_and_dependencies=None, packages_above_depth=None, packages_select_by_dep=None, packages_skip_by_dep=None, packages_skip_up_to=None, packages_select_build_failed=False, packages_skip_build_finished=False, packages_select_test_failures=False, packages_skip_test_passed=False, packages_select=None, packages_skip=None, packages_select_regex=None, packages_skip_regex=None, packages_start=None, packages_end=None, cmake_args=None, cmake_target=None, cmake_target_skip_unavailable=False, cmake_clean_cache=False, cmake_clean_first=False, cmake_force_configure=False, ament_cmake_args=None, catkin_cmake_args=None, catkin_skip_building_tests=False, verb_parser=<colcon_defaults.argument_parser.defaults.DefaultArgumentsDecorator object at 0x74f0dfd0cad0>, verb_extension=<colcon_core.verb.build.BuildVerb object at 0x74f0dfee7e00>, main=<bound method BuildVerb.main of <colcon_core.verb.build.BuildVerb object at 0x74f0dfee7e00>>)
[0.142s] Level 1:colcon.colcon_core.package_discovery:discover_packages(colcon_meta) check parameters
[0.142s] Level 1:colcon.colcon_core.package_discovery:discover_packages(recursive) check parameters
[0.143s] Level 1:colcon.colcon_core.package_discovery:discover_packages(ignore) check parameters
[0.143s] Level 1:colcon.colcon_core.package_discovery:discover_packages(path) check parameters
[0.143s] Level 1:colcon.colcon_core.package_discovery:discover_packages(colcon_meta) discover
[0.143s] Level 1:colcon.colcon_core.package_discovery:discover_packages(recursive) discover
[0.143s] INFO:colcon.colcon_core.package_discovery:Crawling recursively for packages in '/home/skilledmazen/turtle_ws'
[0.143s] Level 1:colcon.colcon_core.package_identification:_identify(.) by extensions ['ignore', 'ignore_ament_install']
[0.143s] Level 1:colcon.colcon_core.package_identification:_identify(.) by extension 'ignore'
[0.143s] Level 1:colcon.colcon_core.package_identification:_identify(.) by extension 'ignore_ament_install'
[0.143s] Level 1:colcon.colcon_core.package_identification:_identify(.) by extensions ['colcon_pkg']
[0.143s] Level 1:colcon.colcon_core.package_identification:_identify(.) by extension 'colcon_pkg'
[0.143s] Level 1:colcon.colcon_core.package_identification:_identify(.) by extensions ['colcon_meta']
[0.143s] Level 1:colcon.colcon_core.package_identification:_identify(.) by extension 'colcon_meta'
[0.143s] Level 1:colcon.colcon_core.package_identification:_identify(.) by extensions ['ros']
[0.143s] Level 1:colcon.colcon_core.package_identification:_identify(.) by extension 'ros'
[0.162s] Level 1:colcon.colcon_core.package_identification:_identify(.) by extensions ['cmake', 'python']
[0.162s] Level 1:colcon.colcon_core.package_identification:_identify(.) by extension 'cmake'
[0.162s] Level 1:colcon.colcon_core.package_identification:_identify(.) by extension 'python'
[0.162s] Level 1:colcon.colcon_core.package_identification:_identify(.) by extensions ['python_setup_py']
[0.162s] Level 1:colcon.colcon_core.package_identification:_identify(.) by extension 'python_setup_py'
[0.162s] Level 1:colcon.colcon_core.package_identification:_identify(build) by extensions ['ignore', 'ignore_ament_install']
[0.162s] Level 1:colcon.colcon_core.package_identification:_identify(build) by extension 'ignore'
[0.162s] Level 1:colcon.colcon_core.package_identification:_identify(build) ignored
[0.162s] Level 1:colcon.colcon_core.package_identification:_identify(install) by extensions ['ignore', 'ignore_ament_install']
[0.162s] Level 1:colcon.colcon_core.package_identification:_identify(install) by extension 'ignore'
[0.162s] Level 1:colcon.colcon_core.package_identification:_identify(install) ignored
[0.162s] Level 1:colcon.colcon_core.package_identification:_identify(log) by extensions ['ignore', 'ignore_ament_install']
[0.162s] Level 1:colcon.colcon_core.package_identification:_identify(log) by extension 'ignore'
[0.162s] Level 1:colcon.colcon_core.package_identification:_identify(log) ignored
[0.162s] Level 1:colcon.colcon_core.package_identification:_identify(src) by extensions ['ignore', 'ignore_ament_install']
[0.162s] Level 1:colcon.colcon_core.package_identification:_identify(src) by extension 'ignore'
[0.162s] Level 1:colcon.colcon_core.package_identification:_identify(src) by extension 'ignore_ament_install'
[0.162s] Level 1:colcon.colcon_core.package_identification:_identify(src) by extensions ['colcon_pkg']
[0.162s] Level 1:colcon.colcon_core.package_identification:_identify(src) by extension 'colcon_pkg'
[0.163s] Level 1:colcon.colcon_core.package_identification:_identify(src) by extensions ['colcon_meta']
[0.163s] Level 1:colcon.colcon_core.package_identification:_identify(src) by extension 'colcon_meta'
[0.163s] Level 1:colcon.colcon_core.package_identification:_identify(src) by extensions ['ros']
[0.163s] Level 1:colcon.colcon_core.package_identification:_identify(src) by extension 'ros'
[0.163s] Level 1:colcon.colcon_core.package_identification:_identify(src) by extensions ['cmake', 'python']
[0.163s] Level 1:colcon.colcon_core.package_identification:_identify(src) by extension 'cmake'
[0.163s] Level 1:colcon.colcon_core.package_identification:_identify(src) by extension 'python'
[0.163s] Level 1:colcon.colcon_core.package_identification:_identify(src) by extensions ['python_setup_py']
[0.163s] Level 1:colcon.colcon_core.package_identification:_identify(src) by extension 'python_setup_py'
[0.163s] Level 1:colcon.colcon_core.package_identification:_identify(src/turtle_controller) by extensions ['ignore', 'ignore_ament_install']
[0.163s] Level 1:colcon.colcon_core.package_identification:_identify(src/turtle_controller) by extension 'ignore'
[0.163s] Level 1:colcon.colcon_core.package_identification:_identify(src/turtle_controller) by extension 'ignore_ament_install'
[0.163s] Level 1:colcon.colcon_core.package_identification:_identify(src/turtle_controller) by extensions ['colcon_pkg']
[0.163s] Level 1:colcon.colcon_core.package_identification:_identify(src/turtle_controller) by extension 'colcon_pkg'
[0.163s] Level 1:colcon.colcon_core.package_identification:_identify(src/turtle_controller) by extensions ['colcon_meta']
[0.163s] Level 1:colcon.colcon_core.package_identification:_identify(src/turtle_controller) by extension 'colcon_meta'
[0.163s] Level 1:colcon.colcon_core.package_identification:_identify(src/turtle_controller) by extensions ['ros']
[0.163s] Level 1:colcon.colcon_core.package_identification:_identify(src/turtle_controller) by extension 'ros'
[0.165s] DEBUG:colcon.colcon_core.package_identification:Package 'src/turtle_controller' with type 'ros.ament_python' and name 'turtle_controller'
[0.165s] Level 1:colcon.colcon_core.package_discovery:discover_packages(recursive) using defaults
[0.165s] Level 1:colcon.colcon_core.package_discovery:discover_packages(ignore) discover
[0.165s] Level 1:colcon.colcon_core.package_discovery:discover_packages(ignore) using defaults
[0.165s] Level 1:colcon.colcon_core.package_discovery:discover_packages(path) discover
[0.165s] Level 1:colcon.colcon_core.package_discovery:discover_packages(path) using defaults
[0.179s] Level 5:colcon.colcon_core.verb:set package 'turtle_controller' build argument 'cmake_args' from command line to 'None'
[0.179s] Level 5:colcon.colcon_core.verb:set package 'turtle_controller' build argument 'cmake_target' from command line to 'None'
[0.179s] Level 5:colcon.colcon_core.verb:set package 'turtle_controller' build argument 'cmake_target_skip_unavailable' from command line to 'False'
[0.179s] Level 5:colcon.colcon_core.verb:set package 'turtle_controller' build argument 'cmake_clean_cache' from command line to 'False'
[0.179s] Level 5:colcon.colcon_core.verb:set package 'turtle_controller' build argument 'cmake_clean_first' from command line to 'False'
[0.179s] Level 5:colcon.colcon_core.verb:set package 'turtle_controller' build argument 'cmake_force_configure' from command line to 'False'
[0.179s] Level 5:colcon.colcon_core.verb:set package 'turtle_controller' build argument 'ament_cmake_args' from command line to 'None'
[0.179s] Level 5:colcon.colcon_core.verb:set package 'turtle_controller' build argument 'catkin_cmake_args' from command line to 'None'
[0.179s] Level 5:colcon.colcon_core.verb:set package 'turtle_controller' build argument 'catkin_skip_building_tests' from command line to 'False'
[0.179s] DEBUG:colcon.colcon_core.verb:Building package 'turtle_controller' with the following arguments: {'ament_cmake_args': None, 'build_base': '/home/skilledmazen/turtle_ws/build/turtle_controller', 'catkin_cmake_args': None, 'catkin_skip_building_tests': False, 'cmake_args': None, 'cmake_clean_cache': False, 'cmake_clean_first': False, 'cmake_force_configure': False, 'cmake_target': None, 'cmake_target_skip_unavailable': False, 'install_base': '/home/skilledmazen/turtle_ws/install/turtle_controller', 'merge_install': False, 'path': '/home/skilledmazen/turtle_ws/src/turtle_controller', 'symlink_install': True, 'test_result_base': None}
[0.179s] INFO:colcon.colcon_core.executor:Executing jobs using 'parallel' executor
[0.179s] DEBUG:colcon.colcon_parallel_executor.executor.parallel:run_until_complete
[0.179s] INFO:colcon.colcon_ros.task.ament_python.build:Building ROS package in '/home/skilledmazen/turtle_ws/src/turtle_controller' with build type 'ament_python'
[0.180s] Level 1:colcon.colcon_core.shell:create_environment_hook('turtle_controller', 'ament_prefix_path')
[0.181s] INFO:colcon.colcon_core.plugin_system:Skipping extension 'colcon_core.shell.bat': Not used on non-Windows systems
[0.181s] INFO:colcon.colcon_core.shell:Creating environment descriptor '/home/skilledmazen/turtle_ws/install/turtle_controller/share/turtle_controller/hook/ament_prefix_path.dsv'
[0.182s] INFO:colcon.colcon_core.shell:Creating environment hook '/home/skilledmazen/turtle_ws/install/turtle_controller/share/turtle_controller/hook/ament_prefix_path.sh'
[0.183s] DEBUG:colcon.colcon_core.shell:Skip shell extension 'dsv' for command environment
[0.184s] WARNING:colcon.colcon_ros.prefix_path.ament:The path '/home/skilledmazen/turtle_ws/install/turtle_moves' in the environment variable AMENT_PREFIX_PATH doesn't exist
[0.587s] INFO:colcon.colcon_core.task.python.build:Building Python package in '/home/skilledmazen/turtle_ws/src/turtle_controller'
[0.587s] DEBUG:colcon.colcon_core.shell:Skip shell extension 'dsv' for command environment
[1.116s] DEBUG:colcon.colcon_core.task.python.build:Available setuptools commands: install_scripts, compile_catalog, setopt, install, install_data, install_lib, check, sdist, build_scripts, extract_messages, symlink_data, clean, editable_wheel, upload_docs, install_egg_info, build, develop, build_py, install_headers, upload, update_catalog, egg_info, bdist_wheel, bdist_dumb, init_catalog, alias, bdist_egg, build_clib, bdist_rpm, test, bdist, saveopts, register, build_ext, easy_install, rotate, dist_info
[1.503s] DEBUG:colcon.colcon_core.task.python.build:Available setuptools 'develop' options: --no-user-cfg, --no-deps, --zip-ok, --local-snapshots-ok, --install-dir, --allow-hosts, --record, --multi-version, --verbose, --find-links, --help, --no-find-links, --version, --index-url, --user, --quiet, --egg-path, --install-layout, --dry-run, --editable, --upgrade, --always-copy, --build-directory, --always-unzip, --script-dir, --site-dirs, --exclude-scripts, --force-installation-into-system-dir, --uninstall, --prefix, --optimize
[1.505s] DEBUG:colcon.colcon_core.event_handler.log_command:Invoking command in '/home/skilledmazen/turtle_ws/build/turtle_controller': DEBUGINFOD_URLS=https://debuginfod.ubuntu.com PYTHONPATH=/home/skilledmazen/turtle_ws/build/turtle_controller/prefix_override:/usr/lib/python3/dist-packages/colcon_core/task/python/colcon_distutils_commands:/home/skilledmazen/turtle_ws/install/turtle_controller/lib/python3.12/site-packages:${PYTHONPATH} /usr/bin/python3 -W ignore:setup.py install is deprecated -W ignore:easy_install command is deprecated setup.py develop --editable --build-directory /home/skilledmazen/turtle_ws/build/turtle_controller/build --no-deps symlink_data
[2.201s] Level 1:colcon.colcon_core.shell:create_environment_hook('turtle_controller', 'pythonpath_develop')
[2.201s] INFO:colcon.colcon_core.shell:Creating environment descriptor '/home/skilledmazen/turtle_ws/build/turtle_controller/share/turtle_controller/hook/pythonpath_develop.dsv'
[2.201s] DEBUG:colcon.colcon_core.event_handler.log_command:Invoked command in '/home/skilledmazen/turtle_ws/build/turtle_controller' returned '0': DEBUGINFOD_URLS=https://debuginfod.ubuntu.com PYTHONPATH=/home/skilledmazen/turtle_ws/build/turtle_controller/prefix_override:/usr/lib/python3/dist-packages/colcon_core/task/python/colcon_distutils_commands:/home/skilledmazen/turtle_ws/install/turtle_controller/lib/python3.12/site-packages:${PYTHONPATH} /usr/bin/python3 -W ignore:setup.py install is deprecated -W ignore:easy_install command is deprecated setup.py develop --editable --build-directory /home/skilledmazen/turtle_ws/build/turtle_controller/build --no-deps symlink_data
[2.202s] INFO:colcon.colcon_core.shell:Creating environment hook '/home/skilledmazen/turtle_ws/build/turtle_controller/share/turtle_controller/hook/pythonpath_develop.sh'
[2.204s] Level 1:colcon.colcon_core.environment:checking '/home/skilledmazen/turtle_ws/install/turtle_controller' for CMake module files
[2.204s] Level 1:colcon.colcon_core.environment:checking '/home/skilledmazen/turtle_ws/install/turtle_controller' for CMake config files
[2.205s] Level 1:colcon.colcon_core.environment:checking '/home/skilledmazen/turtle_ws/install/turtle_controller/lib'
[2.205s] Level 1:colcon.colcon_core.environment:checking '/home/skilledmazen/turtle_ws/install/turtle_controller/bin'
[2.205s] Level 1:colcon.colcon_core.environment:checking '/home/skilledmazen/turtle_ws/install/turtle_controller/lib/pkgconfig/turtle_controller.pc'
[2.205s] Level 1:colcon.colcon_core.environment:checking '/home/skilledmazen/turtle_ws/install/turtle_controller/lib/python3.12/site-packages'
[2.205s] Level 1:colcon.colcon_core.shell:create_environment_hook('turtle_controller', 'pythonpath')
[2.205s] INFO:colcon.colcon_core.shell:Creating environment descriptor '/home/skilledmazen/turtle_ws/install/turtle_controller/share/turtle_controller/hook/pythonpath.dsv'
[2.206s] INFO:colcon.colcon_core.shell:Creating environment hook '/home/skilledmazen/turtle_ws/install/turtle_controller/share/turtle_controller/hook/pythonpath.sh'
[2.206s] Level 1:colcon.colcon_core.environment:checking '/home/skilledmazen/turtle_ws/install/turtle_controller/bin'
[2.206s] Level 1:colcon.colcon_core.environment:create_environment_scripts_only(turtle_controller)
[2.206s] INFO:colcon.colcon_core.shell:Creating package descriptor '/home/skilledmazen/turtle_ws/install/turtle_controller/share/turtle_controller/package.dsv'
[2.207s] INFO:colcon.colcon_core.shell:Creating package script '/home/skilledmazen/turtle_ws/install/turtle_controller/share/turtle_controller/package.sh'
[2.207s] INFO:colcon.colcon_core.shell:Creating package script '/home/skilledmazen/turtle_ws/install/turtle_controller/share/turtle_controller/package.bash'
[2.208s] INFO:colcon.colcon_core.shell:Creating package script '/home/skilledmazen/turtle_ws/install/turtle_controller/share/turtle_controller/package.zsh'
[2.208s] Level 1:colcon.colcon_core.environment:create_file_with_runtime_dependencies(/home/skilledmazen/turtle_ws/install/turtle_controller/share/colcon-core/packages/turtle_controller)
[2.209s] DEBUG:colcon.colcon_parallel_executor.executor.parallel:closing loop
[2.209s] DEBUG:colcon.colcon_parallel_executor.executor.parallel:loop closed
[2.209s] DEBUG:colcon.colcon_parallel_executor.executor.parallel:run_until_complete finished with '0'
[2.209s] DEBUG:colcon.colcon_core.event_reactor:joining thread
[2.217s] INFO:colcon.colcon_core.plugin_system:Skipping extension 'colcon_notification.desktop_notification.terminal_notifier': Not used on non-Darwin systems
[2.217s] INFO:colcon.colcon_core.plugin_system:Skipping extension 'colcon_notification.desktop_notification.win32': Not used on non-Windows systems
[2.217s] INFO:colcon.colcon_notification.desktop_notification:Sending desktop notification using 'notify2'
[2.229s] DEBUG:colcon.colcon_core.event_reactor:joined thread
[2.229s] INFO:colcon.colcon_core.shell:Creating prefix script '/home/skilledmazen/turtle_ws/install/local_setup.sh'
[2.230s] INFO:colcon.colcon_core.shell:Creating prefix util module '/home/skilledmazen/turtle_ws/install/_local_setup_util_sh.py'
[2.231s] INFO:colcon.colcon_core.shell:Creating prefix chain script '/home/skilledmazen/turtle_ws/install/setup.sh'
[2.232s] INFO:colcon.colcon_core.shell:Creating prefix script '/home/skilledmazen/turtle_ws/install/local_setup.bash'
[2.233s] INFO:colcon.colcon_core.shell:Creating prefix chain script '/home/skilledmazen/turtle_ws/install/setup.bash'
[2.233s] INFO:colcon.colcon_core.shell:Creating prefix script '/home/skilledmazen/turtle_ws/install/local_setup.zsh'
[2.234s] INFO:colcon.colcon_core.shell:Creating prefix chain script '/home/skilledmazen/turtle_ws/install/setup.zsh'
