running develop
running egg_info
creating turtle_moves.egg-info
writing turtle_moves.egg-info/PKG-INFO
writing dependency_links to turtle_moves.egg-info/dependency_links.txt
writing entry points to turtle_moves.egg-info/entry_points.txt
writing requirements to turtle_moves.egg-info/requires.txt
writing top-level names to turtle_moves.egg-info/top_level.txt
writing manifest file 'turtle_moves.egg-info/SOURCES.txt'
reading manifest file 'turtle_moves.egg-info/SOURCES.txt'
writing manifest file 'turtle_moves.egg-info/SOURCES.txt'
running build_ext
Creating /home/skilledmazen/turtle_ws/install/turtle_moves/lib/python3.12/site-packages/turtle-moves.egg-link (link to .)
Installing turtle_moves script to /home/skilledmazen/turtle_ws/install/turtle_moves/lib/turtle_moves

Installed /home/skilledmazen/turtle_ws/build/turtle_moves
running symlink_data
creating /home/skilledmazen/turtle_ws/install/turtle_moves/share/ament_index
creating /home/skilledmazen/turtle_ws/install/turtle_moves/share/ament_index/resource_index
creating /home/skilledmazen/turtle_ws/install/turtle_moves/share/ament_index/resource_index/packages
symbolically linking /home/skilledmazen/turtle_ws/build/turtle_moves/resource/turtle_moves -> /home/skilledmazen/turtle_ws/install/turtle_moves/share/ament_index/resource_index/packages
symbolically linking /home/skilledmazen/turtle_ws/build/turtle_moves/package.xml -> /home/skilledmazen/turtle_ws/install/turtle_moves/share/turtle_moves
