[1.041s] Invoking command in '/home/skilledmazen/turtle_ws/build/turtle_moves': DEBUGINFOD_URLS=https://debuginfod.ubuntu.com PYTHONPATH=/home/skilledmazen/turtle_ws/build/turtle_moves/prefix_override:/usr/lib/python3/dist-packages/colcon_core/task/python/colcon_distutils_commands:/home/skilledmazen/turtle_ws/install/turtle_moves/lib/python3.12/site-packages:${PYTHONPATH} /usr/bin/python3 -W ignore:setup.py install is deprecated -W ignore:easy_install command is deprecated setup.py develop --editable --build-directory /home/skilledmazen/turtle_ws/build/turtle_moves/build --no-deps symlink_data
[1.324s] running develop
[1.514s] running egg_info
[1.514s] creating turtle_moves.egg-info
[1.535s] writing turtle_moves.egg-info/PKG-INFO
[1.536s] writing dependency_links to turtle_moves.egg-info/dependency_links.txt
[1.536s] writing entry points to turtle_moves.egg-info/entry_points.txt
[1.536s] writing requirements to turtle_moves.egg-info/requires.txt
[1.536s] writing top-level names to turtle_moves.egg-info/top_level.txt
[1.536s] writing manifest file 'turtle_moves.egg-info/SOURCES.txt'
[1.574s] reading manifest file 'turtle_moves.egg-info/SOURCES.txt'
[1.575s] writing manifest file 'turtle_moves.egg-info/SOURCES.txt'
[1.598s] running build_ext
[1.598s] Creating /home/skilledmazen/turtle_ws/install/turtle_moves/lib/python3.12/site-packages/turtle-moves.egg-link (link to .)
[1.599s] Installing turtle_moves script to /home/skilledmazen/turtle_ws/install/turtle_moves/lib/turtle_moves
[1.599s] 
[1.599s] Installed /home/skilledmazen/turtle_ws/build/turtle_moves
[1.599s] running symlink_data
[1.599s] creating /home/skilledmazen/turtle_ws/install/turtle_moves/share/ament_index
[1.600s] creating /home/skilledmazen/turtle_ws/install/turtle_moves/share/ament_index/resource_index
[1.600s] creating /home/skilledmazen/turtle_ws/install/turtle_moves/share/ament_index/resource_index/packages
[1.600s] symbolically linking /home/skilledmazen/turtle_ws/build/turtle_moves/resource/turtle_moves -> /home/skilledmazen/turtle_ws/install/turtle_moves/share/ament_index/resource_index/packages
[1.600s] symbolically linking /home/skilledmazen/turtle_ws/build/turtle_moves/package.xml -> /home/skilledmazen/turtle_ws/install/turtle_moves/share/turtle_moves
[1.638s] Invoked command in '/home/skilledmazen/turtle_ws/build/turtle_moves' returned '0': DEBUGINFOD_URLS=https://debuginfod.ubuntu.com PYTHONPATH=/home/skilledmazen/turtle_ws/build/turtle_moves/prefix_override:/usr/lib/python3/dist-packages/colcon_core/task/python/colcon_distutils_commands:/home/skilledmazen/turtle_ws/install/turtle_moves/lib/python3.12/site-packages:${PYTHONPATH} /usr/bin/python3 -W ignore:setup.py install is deprecated -W ignore:easy_install command is deprecated setup.py develop --editable --build-directory /home/skilledmazen/turtle_ws/build/turtle_moves/build --no-deps symlink_data
