running develop
Removing /home/skilledmazen/turtle_ws/install/turtle_controller/lib/python3.12/site-packages/turtle-controller.egg-link (link to .)
running egg_info
writing ../../build/turtle_controller/turtle_controller.egg-info/PKG-INFO
writing dependency_links to ../../build/turtle_controller/turtle_controller.egg-info/dependency_links.txt
writing entry points to ../../build/turtle_controller/turtle_controller.egg-info/entry_points.txt
writing requirements to ../../build/turtle_controller/turtle_controller.egg-info/requires.txt
writing top-level names to ../../build/turtle_controller/turtle_controller.egg-info/top_level.txt
reading manifest file '../../build/turtle_controller/turtle_controller.egg-info/SOURCES.txt'
writing manifest file '../../build/turtle_controller/turtle_controller.egg-info/SOURCES.txt'
running build
running build_py
creating /home/skilledmazen/turtle_ws/build/turtle_controller/build
creating /home/skilledmazen/turtle_ws/build/turtle_controller/build/lib
creating /home/skilledmazen/turtle_ws/build/turtle_controller/build/lib/turtle_controller
copying turtle_controller/__init__.py -> /home/skilledmazen/turtle_ws/build/turtle_controller/build/lib/turtle_controller
copying turtle_controller/turtle_moves.py -> /home/skilledmazen/turtle_ws/build/turtle_controller/build/lib/turtle_controller
copying turtle_controller/turtle_sees.py -> /home/skilledmazen/turtle_ws/build/turtle_controller/build/lib/turtle_controller
running install
running install_lib
creating /home/skilledmazen/turtle_ws/install/turtle_controller/lib/python3.12/site-packages/turtle_controller
copying /home/skilledmazen/turtle_ws/build/turtle_controller/build/lib/turtle_controller/__init__.py -> /home/skilledmazen/turtle_ws/install/turtle_controller/lib/python3.12/site-packages/turtle_controller
copying /home/skilledmazen/turtle_ws/build/turtle_controller/build/lib/turtle_controller/turtle_moves.py -> /home/skilledmazen/turtle_ws/install/turtle_controller/lib/python3.12/site-packages/turtle_controller
copying /home/skilledmazen/turtle_ws/build/turtle_controller/build/lib/turtle_controller/turtle_sees.py -> /home/skilledmazen/turtle_ws/install/turtle_controller/lib/python3.12/site-packages/turtle_controller
byte-compiling /home/skilledmazen/turtle_ws/install/turtle_controller/lib/python3.12/site-packages/turtle_controller/__init__.py to __init__.cpython-312.pyc
byte-compiling /home/skilledmazen/turtle_ws/install/turtle_controller/lib/python3.12/site-packages/turtle_controller/turtle_moves.py to turtle_moves.cpython-312.pyc
byte-compiling /home/skilledmazen/turtle_ws/install/turtle_controller/lib/python3.12/site-packages/turtle_controller/turtle_sees.py to turtle_sees.cpython-312.pyc
running install_data
copying resource/turtle_controller -> /home/skilledmazen/turtle_ws/install/turtle_controller/share/ament_index/resource_index/packages
copying package.xml -> /home/skilledmazen/turtle_ws/install/turtle_controller/share/turtle_controller
running install_egg_info
Copying ../../build/turtle_controller/turtle_controller.egg-info to /home/skilledmazen/turtle_ws/install/turtle_controller/lib/python3.12/site-packages/turtle_controller-0.0.0-py3.12.egg-info
running install_scripts
Installing turtle_moves script to /home/skilledmazen/turtle_ws/install/turtle_controller/lib/turtle_controller
Installing turtle_sees script to /home/skilledmazen/turtle_ws/install/turtle_controller/lib/turtle_controller
writing list of installed files to '/home/skilledmazen/turtle_ws/build/turtle_controller/install.log'
